#-----------------------------------------------------------
# Vivado v2024.2 (64-bit)
# SW Build 5239630 on Fri Nov 08 22:35:27 MST 2024
# IP Build 5239520 on Sun Nov 10 16:12:51 MST 2024
# SharedData Build 5239561 on Fri Nov 08 14:39:27 MST 2024
# Start of session at: Mon Jun  2 19:51:23 2025
# Process ID         : 19308
# Current directory  : C:/JHU_Classes/RISC_V/riscv-cpu/RTL/CPUs/RISCVpipelineRV32IM
# Command line       : vivado.exe -gui_launcher_event rodinguilauncherevent23276 C:\JHU_Classes\RISC_V\riscv-cpu\RTL\CPUs\RISCVpipelineRV32IM\RISCVpipelineRV32IM.xpr
# Log file           : C:/JHU_Classes/RISC_V/riscv-cpu/RTL/CPUs/RISCVpipelineRV32IM/vivado.log
# Journal file       : C:/JHU_Classes/RISC_V/riscv-cpu/RTL/CPUs/RISCVpipelineRV32IM\vivado.jou
# Running On         : QianPC
# Platform           : Windows Server 2016 or Windows 10
# Operating System   : 26100
# Processor Detail   : 12th Gen Intel(R) Core(TM) i9-12900H
# CPU Frequency      : 2918 MHz
# CPU Physical cores : 14
# CPU Logical cores  : 20
# Host memory        : 16848 MB
# Swap memory        : 30064 MB
# Total Virtual      : 46913 MB
# Available Virtual  : 18667 MB
#-----------------------------------------------------------
start_gui
open_project C:/JHU_Classes/RISC_V/riscv-cpu/RTL/CPUs/RISCVpipelineRV32IM/RISCVpipelineRV32IM.xpr
launch_simulation
open_wave_config C:/JHU_Classes/RISC_V/riscv-cpu/RTL/CPUs/RISCVpipelineRV32IM/pipelinedcpu_tb_behav.wcfg
source pipelinedcpu_tb.tcl
current_wave_config {pipelinedcpu_tb_behav.wcfg}
add_wave {{/pipelinedcpu_tb/opcode}} 
restart
run 100000 ns
close_sim
